// Jest Snapshot v1, https://goo.gl/fbAQLP

exports[`<MovieOption /> component tests should render with given state from Redux store 1`] = `
<div>
  <div
    className="sc-gzVnrw czncSY"
  >
    <div>
      <h1
        className="sc-dnqmqq fPpAMb"
      />
      <img
        alt="movieImage"
        className="sc-htoDjs eQCEHt"
      />
    </div>
    <div>
      <button
        className="sc-bZQynM fDFfcI"
        onClick={[Function]}
      >
        🤲 Skip
      </button>
      <button
        className="sc-bZQynM fDFfcI"
        onClick={[Function]}
      >
        👍 Like
      </button>
    </div>
  </div>
</div>
`;
