// Jest Snapshot v1, https://goo.gl/fbAQLP

exports[`<MovieOption /> component tests should render with given state from Redux store 1`] = `
<div
  className="sc-bxivhb fDRyBe"
>
  <div
    className="notification"
  >
    <div
      className="sc-gzVnrw ebacHf"
    >
      <h1
        className="sc-EHOje dxHlIN"
      />
      <img
        alt="movieImage"
        className="sc-ifAKCX gHtOQb"
      />
    </div>
    <button
      className="sc-bdVaJa eFEIUO"
      onClick={[Function]}
    >
      👎 Dislike
    </button>
    <button
      className="sc-bdVaJa eFEIUO"
      onClick={[Function]}
    >
      👍 Like
    </button>
  </div>
</div>
`;
