// Jest Snapshot v1, https://goo.gl/fbAQLP

exports[`<MovieExplorer /> component tests should render with given state from Redux store 1`] = `
<div>
  <div
    className="MovieContainer-caICAF kpBIBL"
  >
    <div>
      <h2
        className="Title-brWRjy hyqzfp"
      />
      <img
        alt="movieImage"
        className="Img-ifujty kmYitq"
      />
    </div>
    <div>
      <button
        className="Button-hYXUXp heByZf"
        onClick={[Function]}
      >
        🤲 Skip
      </button>
      <button
        className="Button-hYXUXp heByZf"
        onClick={[Function]}
      >
        👍 Like
      </button>
    </div>
  </div>
</div>
`;
