// Jest Snapshot v1, https://goo.gl/fbAQLP

exports[`<MovieExplorer /> component tests should render with given state from Redux store 1`] = `
<div>
  <div
    className="sc-gzVnrw jGncgf"
  >
    <div>
      <h2
        className="sc-htoDjs gtGlZw"
      />
      <img
        alt="movieImage"
        className="sc-dnqmqq fmudpY"
      />
    </div>
    <div>
      <button
        className="sc-bZQynM fDFfcI"
        onClick={[Function]}
      >
        🤲 Skip
      </button>
      <button
        className="sc-bZQynM fDFfcI"
        onClick={[Function]}
      >
        👍 Like
      </button>
    </div>
  </div>
</div>
`;
