// Jest Snapshot v1, https://goo.gl/fbAQLP

exports[`<Recommendation /> component tests should render with given state from Redux store 1`] = `
<div
  className="container"
>
  <div
    className="notification"
  >
    <div
      className="sc-gzVnrw ebacHf"
    >
      <h1
        className="sc-EHOje dxHlIN"
      >
        You Probably Like this Movie: 
         
      </h1>
      <img
        alt="movieImage"
        className="sc-ifAKCX gHtOQb"
      />
    </div>
    <button
      className="sc-bwzfXH gGcAIB"
      onClick={[Function]}
    >
       Back to Home! 
    </button>
  </div>
</div>
`;
