// Jest Snapshot v1, https://goo.gl/fbAQLP

exports[`<Recommendation /> component tests should render with given state from Redux store 1`] = `
<div
  className="MovieContainer-jcnqfJ blwKBe"
>
  <h2
    className="Title-kAzUgf dqyLeU"
  >
    You Probably Like these Movies:
  </h2>
  
  <button
    className="Button-hYXUXp heByZf"
    onClick={[Function]}
  >
     
    Back to Home!
     
  </button>
</div>
`;
